Archive member included to satisfy reference by file (symbol)

D:/Courses/ES/Cube IDE/Install/STM32CubeIDE_1.13.2/STM32CubeIDE/plugins/com.st.stm32cube.ide.mcu.externaltools.gnu-tools-for-stm32.11.3.rel1.win32_1.1.1.202309131626/tools/bin/../lib/gcc/arm-none-eabi/11.3.1/../../../../arm-none-eabi/lib/thumb/v7-m/nofp\libc_nano.a(libc_a-exit.o)
                              D:/Courses/ES/Cube IDE/Install/STM32CubeIDE_1.13.2/STM32CubeIDE/plugins/com.st.stm32cube.ide.mcu.externaltools.gnu-tools-for-stm32.11.3.rel1.win32_1.1.1.202309131626/tools/bin/../lib/gcc/arm-none-eabi/11.3.1/../../../../arm-none-eabi/lib/thumb/v7-m/nofp/crt0.o (exit)
D:/Courses/ES/Cube IDE/Install/STM32CubeIDE_1.13.2/STM32CubeIDE/plugins/com.st.stm32cube.ide.mcu.externaltools.gnu-tools-for-stm32.11.3.rel1.win32_1.1.1.202309131626/tools/bin/../lib/gcc/arm-none-eabi/11.3.1/../../../../arm-none-eabi/lib/thumb/v7-m/nofp\libc_nano.a(libc_a-findfp.o)
                              D:/Courses/ES/Cube IDE/Install/STM32CubeIDE_1.13.2/STM32CubeIDE/plugins/com.st.stm32cube.ide.mcu.externaltools.gnu-tools-for-stm32.11.3.rel1.win32_1.1.1.202309131626/tools/bin/../lib/gcc/arm-none-eabi/11.3.1/../../../../arm-none-eabi/lib/thumb/v7-m/nofp\libc_nano.a(libc_a-exit.o) (__stdio_exit_handler)
D:/Courses/ES/Cube IDE/Install/STM32CubeIDE_1.13.2/STM32CubeIDE/plugins/com.st.stm32cube.ide.mcu.externaltools.gnu-tools-for-stm32.11.3.rel1.win32_1.1.1.202309131626/tools/bin/../lib/gcc/arm-none-eabi/11.3.1/../../../../arm-none-eabi/lib/thumb/v7-m/nofp\libc_nano.a(libc_a-fwalk.o)
                              D:/Courses/ES/Cube IDE/Install/STM32CubeIDE_1.13.2/STM32CubeIDE/plugins/com.st.stm32cube.ide.mcu.externaltools.gnu-tools-for-stm32.11.3.rel1.win32_1.1.1.202309131626/tools/bin/../lib/gcc/arm-none-eabi/11.3.1/../../../../arm-none-eabi/lib/thumb/v7-m/nofp\libc_nano.a(libc_a-findfp.o) (_fwalk_sglue)
D:/Courses/ES/Cube IDE/Install/STM32CubeIDE_1.13.2/STM32CubeIDE/plugins/com.st.stm32cube.ide.mcu.externaltools.gnu-tools-for-stm32.11.3.rel1.win32_1.1.1.202309131626/tools/bin/../lib/gcc/arm-none-eabi/11.3.1/../../../../arm-none-eabi/lib/thumb/v7-m/nofp\libc_nano.a(libc_a-stdio.o)
                              D:/Courses/ES/Cube IDE/Install/STM32CubeIDE_1.13.2/STM32CubeIDE/plugins/com.st.stm32cube.ide.mcu.externaltools.gnu-tools-for-stm32.11.3.rel1.win32_1.1.1.202309131626/tools/bin/../lib/gcc/arm-none-eabi/11.3.1/../../../../arm-none-eabi/lib/thumb/v7-m/nofp\libc_nano.a(libc_a-findfp.o) (__sread)
D:/Courses/ES/Cube IDE/Install/STM32CubeIDE_1.13.2/STM32CubeIDE/plugins/com.st.stm32cube.ide.mcu.externaltools.gnu-tools-for-stm32.11.3.rel1.win32_1.1.1.202309131626/tools/bin/../lib/gcc/arm-none-eabi/11.3.1/../../../../arm-none-eabi/lib/thumb/v7-m/nofp\libc_nano.a(libc_a-memset.o)
                              D:/Courses/ES/Cube IDE/Install/STM32CubeIDE_1.13.2/STM32CubeIDE/plugins/com.st.stm32cube.ide.mcu.externaltools.gnu-tools-for-stm32.11.3.rel1.win32_1.1.1.202309131626/tools/bin/../lib/gcc/arm-none-eabi/11.3.1/../../../../arm-none-eabi/lib/thumb/v7-m/nofp/crt0.o (memset)
D:/Courses/ES/Cube IDE/Install/STM32CubeIDE_1.13.2/STM32CubeIDE/plugins/com.st.stm32cube.ide.mcu.externaltools.gnu-tools-for-stm32.11.3.rel1.win32_1.1.1.202309131626/tools/bin/../lib/gcc/arm-none-eabi/11.3.1/../../../../arm-none-eabi/lib/thumb/v7-m/nofp\libc_nano.a(libc_a-closer.o)
                              D:/Courses/ES/Cube IDE/Install/STM32CubeIDE_1.13.2/STM32CubeIDE/plugins/com.st.stm32cube.ide.mcu.externaltools.gnu-tools-for-stm32.11.3.rel1.win32_1.1.1.202309131626/tools/bin/../lib/gcc/arm-none-eabi/11.3.1/../../../../arm-none-eabi/lib/thumb/v7-m/nofp\libc_nano.a(libc_a-stdio.o) (_close_r)
D:/Courses/ES/Cube IDE/Install/STM32CubeIDE_1.13.2/STM32CubeIDE/plugins/com.st.stm32cube.ide.mcu.externaltools.gnu-tools-for-stm32.11.3.rel1.win32_1.1.1.202309131626/tools/bin/../lib/gcc/arm-none-eabi/11.3.1/../../../../arm-none-eabi/lib/thumb/v7-m/nofp\libc_nano.a(libc_a-reent.o)
                              D:/Courses/ES/Cube IDE/Install/STM32CubeIDE_1.13.2/STM32CubeIDE/plugins/com.st.stm32cube.ide.mcu.externaltools.gnu-tools-for-stm32.11.3.rel1.win32_1.1.1.202309131626/tools/bin/../lib/gcc/arm-none-eabi/11.3.1/../../../../arm-none-eabi/lib/thumb/v7-m/nofp\libc_nano.a(libc_a-closer.o) (errno)
D:/Courses/ES/Cube IDE/Install/STM32CubeIDE_1.13.2/STM32CubeIDE/plugins/com.st.stm32cube.ide.mcu.externaltools.gnu-tools-for-stm32.11.3.rel1.win32_1.1.1.202309131626/tools/bin/../lib/gcc/arm-none-eabi/11.3.1/../../../../arm-none-eabi/lib/thumb/v7-m/nofp\libc_nano.a(libc_a-impure.o)
                              D:/Courses/ES/Cube IDE/Install/STM32CubeIDE_1.13.2/STM32CubeIDE/plugins/com.st.stm32cube.ide.mcu.externaltools.gnu-tools-for-stm32.11.3.rel1.win32_1.1.1.202309131626/tools/bin/../lib/gcc/arm-none-eabi/11.3.1/../../../../arm-none-eabi/lib/thumb/v7-m/nofp\libc_nano.a(libc_a-reent.o) (_impure_ptr)
[...]
Memory Configuration

Name             Origin             Length             Attributes
RAM              0x0000000020000000 0x0000000000005000 xrw
FLASH            0x0000000008000000 0x0000000000010000 xr
*default*        0x0000000000000000 0xffffffffffffffff

Linker script and memory map

LOAD D:/Courses/ES/Cube IDE/Install/STM32CubeIDE_1.13.2/STM32CubeIDE/plugins/com.st.stm32cube.ide.mcu.externaltools.gnu-tools-for-stm32.11.3.rel1.win32_1.1.1.202309131626/tools/bin/../lib/gcc/arm-none-eabi/11.3.1/thumb/v7-m/nofp/crti.o
LOAD D:/Courses/ES/Cube IDE/Install/STM32CubeIDE_1.13.2/STM32CubeIDE/plugins/com.st.stm32cube.ide.mcu.externaltools.gnu-tools-for-stm32.11.3.rel1.win32_1.1.1.202309131626/tools/bin/../lib/gcc/arm-none-eabi/11.3.1/thumb/v7-m/nofp/crtbegin.o
LOAD D:/Courses/ES/Cube IDE/Install/STM32CubeIDE_1.13.2/STM32CubeIDE/plugins/com.st.stm32cube.ide.mcu.externaltools.gnu-tools-for-stm32.11.3.rel1.win32_1.1.1.202309131626/tools/bin/../lib/gcc/arm-none-eabi/11.3.1/../../../../arm-none-eabi/lib/thumb/v7-m/nofp/crt0.o
LOAD ./Src/GPIO_program.o
LOAD ./Src/RCC_program.o
LOAD ./Src/main.o
LOAD ./Src/syscalls.o
LOAD ./Src/sysmem.o
LOAD ./Startup/startup_stm32f103c8tx.o
START GROUP
LOAD D:/Courses/ES/Cube IDE/Install/STM32CubeIDE_1.13.2/STM32CubeIDE/plugins/com.st.stm32cube.ide.mcu.externaltools.gnu-tools-for-stm32.11.3.rel1.win32_1.1.1.202309131626/tools/bin/../lib/gcc/arm-none-eabi/11.3.1/../../../../arm-none-eabi/lib/thumb/v7-m/nofp\libc_nano.a
LOAD D:/Courses/ES/Cube IDE/Install/STM32CubeIDE_1.13.2/STM32CubeIDE/plugins/com.st.stm32cube.ide.mcu.externaltools.gnu-tools-for-stm32.11.3.rel1.win32_1.1.1.202309131626/tools/bin/../lib/gcc/arm-none-eabi/11.3.1/../../../../arm-none-eabi/lib/thumb/v7-m/nofp\libm.a
END GROUP
START GROUP
LOAD D:/Courses/ES/Cube IDE/Install/STM32CubeIDE_1.13.2/STM32CubeIDE/plugins/com.st.stm32cube.ide.mcu.externaltools.gnu-tools-for-stm32.11.3.rel1.win32_1.1.1.202309131626/tools/bin/../lib/gcc/arm-none-eabi/11.3.1/thumb/v7-m/nofp\libgcc.a
LOAD D:/Courses/ES/Cube IDE/Install/STM32CubeIDE_1.13.2/STM32CubeIDE/plugins/com.st.stm32cube.ide.mcu.externaltools.gnu-tools-for-stm32.11.3.rel1.win32_1.1.1.202309131626/tools/bin/../lib/gcc/arm-none-eabi/11.3.1/../../../../arm-none-eabi/lib/thumb/v7-m/nofp\libc_nano.a
END GROUP
START GROUP
LOAD D:/Courses/ES/Cube IDE/Install/STM32CubeIDE_1.13.2/STM32CubeIDE/plugins/com.st.stm32cube.ide.mcu.externaltools.gnu-tools-for-stm32.11.3.rel1.win32_1.1.1.202309131626/tools/bin/../lib/gcc/arm-none-eabi/11.3.1/thumb/v7-m/nofp\libgcc.a
LOAD D:/Courses/ES/Cube IDE/Install/STM32CubeIDE_1.13.2/STM32CubeIDE/plugins/com.st.stm32cube.ide.mcu.externaltools.gnu-tools-for-stm32.11.3.rel1.win32_1.1.1.202309131626/tools/bin/../lib/gcc/arm-none-eabi/11.3.1/../../../../arm-none-eabi/lib/thumb/v7-m/nofp\libc_nano.a
LOAD D:/Courses/ES/Cube IDE/Install/STM32CubeIDE_1.13.2/STM32CubeIDE/plugins/com.st.stm32cube.ide.mcu.externaltools.gnu-tools-for-stm32.11.3.rel1.win32_1.1.1.202309131626/tools/bin/../lib/gcc/arm-none-eabi/11.3.1/../../../../arm-none-eabi/lib/thumb/v7-m/nofp\libnosys.a
END GROUP
START GROUP
LOAD D:/Courses/ES/Cube IDE/Install/STM32CubeIDE_1.13.2/STM32CubeIDE/plugins/com.st.stm32cube.ide.mcu.externaltools.gnu-tools-for-stm32.11.3.rel1.win32_1.1.1.202309131626/tools/bin/../lib/gcc/arm-none-eabi/11.3.1/thumb/v7-m/nofp\libgcc.a
LOAD D:/Courses/ES/Cube IDE/Install/STM32CubeIDE_1.13.2/STM32CubeIDE/plugins/com.st.stm32cube.ide.mcu.externaltools.gnu-tools-for-stm32.11.3.rel1.win32_1.1.1.202309131626/tools/bin/../lib/gcc/arm-none-eabi/11.3.1/../../../../arm-none-eabi/lib/thumb/v7-m/nofp\libc_nano.a
LOAD D:/Courses/ES/Cube IDE/Install/STM32CubeIDE_1.13.2/STM32CubeIDE/plugins/com.st.stm32cube.ide.mcu.externaltools.gnu-tools-for-stm32.11.3.rel1.win32_1.1.1.202309131626/tools/bin/../lib/gcc/arm-none-eabi/11.3.1/../../../../arm-none-eabi/lib/thumb/v7-m/nofp\libnosys.a
END GROUP
LOAD D:/Courses/ES/Cube IDE/Install/STM32CubeIDE_1.13.2/STM32CubeIDE/plugins/com.st.stm32cube.ide.mcu.externaltools.gnu-tools-for-stm32.11.3.rel1.win32_1.1.1.202309131626/tools/bin/../lib/gcc/arm-none-eabi/11.3.1/thumb/v7-m/nofp/crtend.o
LOAD D:/Courses/ES/Cube IDE/Install/STM32CubeIDE_1.13.2/STM32CubeIDE/plugins/com.st.stm32cube.ide.mcu.externaltools.gnu-tools-for-stm32.11.3.rel1.win32_1.1.1.202309131626/tools/bin/../lib/gcc/arm-none-eabi/11.3.1/thumb/v7-m/nofp/crtn.o
                0x0000000020005000                _estack = (ORIGIN (RAM) + LENGTH (RAM))
                0x0000000000000200                _Min_Heap_Size = 0x200
                0x0000000000000400                _Min_Stack_Size = 0x400

.isr_vector     0x0000000008000000      0x130
                0x0000000008000000                . = ALIGN (0x4)
 *(.isr_vector)
 .isr_vector    0x0000000008000000      0x130 ./Startup/startup_stm32f103c8tx.o
                0x0000000008000000                g_pfnVectors
                0x0000000008000130                . = ALIGN (0x4)

.text           0x0000000008000130      0x4dc
                0x0000000008000130                . = ALIGN (0x4)
 *(.text)
 .text          0x0000000008000130       0x40 D:/Courses/ES/Cube IDE/Install/STM32CubeIDE_1.13.2/STM32CubeIDE/plugins/com.st.stm32cube.ide.mcu.externaltools.gnu-tools-for-stm32.11.3.rel1.win32_1.1.1.202309131626/tools/bin/../lib/gcc/arm-none-eabi/11.3.1/thumb/v7-m/nofp/crtbegin.o
 *(.text*)
 .text.GPIO_voidEnableClock
                0x0000000008000170       0x46 ./Src/GPIO_program.o
                0x0000000008000170                GPIO_voidEnableClock
 *fill*         0x00000000080001b6        0x2 
 .text.GPIO_voidSetPinDirection
                0x00000000080001b8      0x1b0 ./Src/GPIO_program.o
                0x00000000080001b8                GPIO_voidSetPinDirection
 .text.GPIO_voidTogglePin
                0x0000000008000368       0x8c ./Src/GPIO_program.o
                0x0000000008000368                GPIO_voidTogglePin
 .text.RCC_voidInit
                0x00000000080003f4       0x48 ./Src/RCC_program.o
                0x00000000080003f4                RCC_voidInit
 .text.RCC_voidEnableClockPeripheral
                0x000000000800043c       0x84 ./Src/RCC_program.o
                0x000000000800043c                RCC_voidEnableClockPeripheral
 .text.main     0x00000000080004c0        0xe ./Src/main.o
                0x00000000080004c0                main
 .text.GPIO_app
                0x00000000080004ce       0x2c ./Src/main.o
                0x00000000080004ce                GPIO_app
 .text.Delay    0x00000000080004fa       0x32 ./Src/main.o
                0x00000000080004fa                Delay
 .text.Toggle_Green_Led
                0x000000000800052c       0x16 ./Src/main.o
                0x000000000800052c                Toggle_Green_Led
 .text.Toggle_Red_Led
                0x0000000008000542       0x16 ./Src/main.o
                0x0000000008000542                Toggle_Red_Led
 .text.Reset_Handler
                0x0000000008000558       0x50 ./Startup/startup_stm32f103c8tx.o
                0x0000000008000558                Reset_Handler
 .text.Default_Handler
                0x00000000080005a8        0x2 ./Startup/startup_stm32f103c8tx.o
                0x00000000080005a8                EXTI2_IRQHandler
                0x00000000080005a8                TIM8_TRG_COM_IRQHandler
                0x00000000080005a8                TIM8_CC_IRQHandler
                0x00000000080005a8                DebugMon_Handler
                0x00000000080005a8                TIM1_CC_IRQHandler
                0x00000000080005a8                HardFault_Handler
                0x00000000080005a8                TIM6_IRQHandler
                0x00000000080005a8                SysTick_Handler
                0x00000000080005a8                PVD_IRQHandler
                0x00000000080005a8                SDIO_IRQHandler
                0x00000000080005a8                PendSV_Handler
                0x00000000080005a8                NMI_Handler
                0x00000000080005a8                EXTI3_IRQHandler
                0x00000000080005a8                USB_HP_CAN_TX_IRQHandler
                0x00000000080005a8                EXTI0_IRQHandler
                0x00000000080005a8                I2C2_EV_IRQHandler
                0x00000000080005a8                UsageFault_Handler
                0x00000000080005a8                ADC1_2_IRQHandler
                0x00000000080005a8                SPI1_IRQHandler
                0x00000000080005a8                CAN_SCE_IRQHandler
                0x00000000080005a8                TAMPER_IRQHandler
                0x00000000080005a8                TIM8_UP_IRQHandler
                0x00000000080005a8                DMA2_Channel2_IRQHandler
                0x00000000080005a8                DMA1_Channel4_IRQHandler
                0x00000000080005a8                USART3_IRQHandler
                0x00000000080005a8                RTC_IRQHandler
                0x00000000080005a8                DMA1_Channel7_IRQHandler
                0x00000000080005a8                UART5_IRQHandler
                0x00000000080005a8                ADC3_IRQHandler
                0x00000000080005a8                TIM4_IRQHandler
                0x00000000080005a8                CAN_RX1_IRQHandler
                0x00000000080005a8                DMA2_Channel1_IRQHandler
                0x00000000080005a8                I2C1_EV_IRQHandler
                0x00000000080005a8                DMA1_Channel6_IRQHandler
                0x00000000080005a8                UART4_IRQHandler
                0x00000000080005a8                TIM3_IRQHandler
                0x00000000080005a8                RCC_IRQHandler
                0x00000000080005a8                TIM1_TRG_COM_IRQHandler
                0x00000000080005a8                DMA1_Channel1_IRQHandler
                0x00000000080005a8                Default_Handler
                0x00000000080005a8                EXTI15_10_IRQHandler
                0x00000000080005a8                TIM7_IRQHandler
                0x00000000080005a8                TIM5_IRQHandler
                0x00000000080005a8                EXTI9_5_IRQHandler
                0x00000000080005a8                SPI2_IRQHandler
                0x00000000080005a8                USB_LP_CAN_RX0_IRQHandler
                0x00000000080005a8                MemManage_Handler
                0x00000000080005a8                SVC_Handler
                0x00000000080005a8                DMA1_Channel5_IRQHandler
                0x00000000080005a8                EXTI4_IRQHandler
                0x00000000080005a8                DMA1_Channel3_IRQHandler
                0x00000000080005a8                FSMC_IRQHandler
                0x00000000080005a8                TIM1_UP_IRQHandler
                0x00000000080005a8                WWDG_IRQHandler
                0x00000000080005a8                TIM2_IRQHandler
                0x00000000080005a8                TIM1_BRK_IRQHandler
                0x00000000080005a8                EXTI1_IRQHandler
                0x00000000080005a8                RTCAlarm_IRQHandler
                0x00000000080005a8                DMA2_Channel4_5_IRQHandler
                0x00000000080005a8                USART2_IRQHandler
                0x00000000080005a8                I2C2_ER_IRQHandler
                0x00000000080005a8                DMA1_Channel2_IRQHandler
                0x00000000080005a8                TIM8_BRK_IRQHandler
                0x00000000080005a8                FLASH_IRQHandler
                0x00000000080005a8                BusFault_Handler
                0x00000000080005a8                USART1_IRQHandler
                0x00000000080005a8                SPI3_IRQHandler
                0x00000000080005a8                I2C1_ER_IRQHandler
                0x00000000080005a8                DMA2_Channel3_IRQHandler
 *fill*         0x00000000080005aa        0x2 
 .text.__libc_init_array
                0x00000000080005ac       0x48 D:/Courses/ES/Cube IDE/Install/STM32CubeIDE_1.13.2/STM32CubeIDE/plugins/com.st.stm32cube.ide.mcu.externaltools.gnu-tools-for-stm32.11.3.rel1.win32_1.1.1.202309131626/tools/bin/../lib/gcc/arm-none-eabi/11.3.1/../../../../arm-none-eabi/lib/thumb/v7-m/nofp\libc_nano.a(libc_a-init.o)
                0x00000000080005ac                __libc_init_array
 *(.glue_7)
 .glue_7        0x00000000080005f4        0x0 linker stubs
 *(.glue_7t)
 .glue_7t       0x00000000080005f4        0x0 linker stubs
 *(.eh_frame)
 .eh_frame      0x00000000080005f4        0x0 D:/Courses/ES/Cube IDE/Install/STM32CubeIDE_1.13.2/STM32CubeIDE/plugins/com.st.stm32cube.ide.mcu.externaltools.gnu-tools-for-stm32.11.3.rel1.win32_1.1.1.202309131626/tools/bin/../lib/gcc/arm-none-eabi/11.3.1/thumb/v7-m/nofp/crtbegin.o
 *(.init)
 .init          0x00000000080005f4        0x4 D:/Courses/ES/Cube IDE/Install/STM32CubeIDE_1.13.2/STM32CubeIDE/plugins/com.st.stm32cube.ide.mcu.externaltools.gnu-tools-for-stm32.11.3.rel1.win32_1.1.1.202309131626/tools/bin/../lib/gcc/arm-none-eabi/11.3.1/thumb/v7-m/nofp/crti.o
                0x00000000080005f4                _init
 .init          0x00000000080005f8        0x8 D:/Courses/ES/Cube IDE/Install/STM32CubeIDE_1.13.2/STM32CubeIDE/plugins/com.st.stm32cube.ide.mcu.externaltools.gnu-tools-for-stm32.11.3.rel1.win32_1.1.1.202309131626/tools/bin/../lib/gcc/arm-none-eabi/11.3.1/thumb/v7-m/nofp/crtn.o
 *(.fini)
 .fini          0x0000000008000600        0x4 D:/Courses/ES/Cube IDE/Install/STM32CubeIDE_1.13.2/STM32CubeIDE/plugins/com.st.stm32cube.ide.mcu.externaltools.gnu-tools-for-stm32.11.3.rel1.win32_1.1.1.202309131626/tools/bin/../lib/gcc/arm-none-eabi/11.3.1/thumb/v7-m/nofp/crti.o
                0x0000000008000600                _fini
 .fini          0x0000000008000604        0x8 D:/Courses/ES/Cube IDE/Install/STM32CubeIDE_1.13.2/STM32CubeIDE/plugins/com.st.stm32cube.ide.mcu.externaltools.gnu-tools-for-stm32.11.3.rel1.win32_1.1.1.202309131626/tools/bin/../lib/gcc/arm-none-eabi/11.3.1/thumb/v7-m/nofp/crtn.o
                0x000000000800060c                . = ALIGN (0x4)
                0x000000000800060c                _etext = .

.vfp11_veneer   0x000000000800060c        0x0
 .vfp11_veneer  0x000000000800060c        0x0 linker stubs

.v4_bx          0x000000000800060c        0x0
 .v4_bx         0x000000000800060c        0x0 linker stubs

.iplt           0x000000000800060c        0x0
 .iplt          0x000000000800060c        0x0 D:/Courses/ES/Cube IDE/Install/STM32CubeIDE_1.13.2/STM32CubeIDE/plugins/com.st.stm32cube.ide.mcu.externaltools.gnu-tools-for-stm32.11.3.rel1.win32_1.1.1.202309131626/tools/bin/../lib/gcc/arm-none-eabi/11.3.1/thumb/v7-m/nofp/crtbegin.o

.rel.dyn        0x000000000800060c        0x0
 .rel.iplt      0x000000000800060c        0x0 D:/Courses/ES/Cube IDE/Install/STM32CubeIDE_1.13.2/STM32CubeIDE/plugins/com.st.stm32cube.ide.mcu.externaltools.gnu-tools-for-stm32.11.3.rel1.win32_1.1.1.202309131626/tools/bin/../lib/gcc/arm-none-eabi/11.3.1/thumb/v7-m/nofp/crtbegin.o

.rodata         0x000000000800060c        0x0
                0x000000000800060c                . = ALIGN (0x4)
 *(.rodata)
 *(.rodata*)
                0x000000000800060c                . = ALIGN (0x4)

.ARM.extab      0x000000000800060c        0x0
                0x000000000800060c                . = ALIGN (0x4)
 *(.ARM.extab* .gnu.linkonce.armextab.*)
                0x000000000800060c                . = ALIGN (0x4)

.ARM            0x000000000800060c        0x0
                0x000000000800060c                . = ALIGN (0x4)
                0x000000000800060c                __exidx_start = .
 *(.ARM.exidx*)
                0x000000000800060c                __exidx_end = .
                0x000000000800060c                . = ALIGN (0x4)

.preinit_array  0x000000000800060c        0x0
                0x000000000800060c                . = ALIGN (0x4)
                0x000000000800060c                PROVIDE (__preinit_array_start = .)
 *(.preinit_array*)
                0x000000000800060c                PROVIDE (__preinit_array_end = .)
                0x000000000800060c                . = ALIGN (0x4)

.init_array     0x000000000800060c        0x4
                0x000000000800060c                . = ALIGN (0x4)
                0x000000000800060c                PROVIDE (__init_array_start = .)
 *(SORT_BY_NAME(.init_array.*))
 *(.init_array*)
 .init_array    0x000000000800060c        0x4 D:/Courses/ES/Cube IDE/Install/STM32CubeIDE_1.13.2/STM32CubeIDE/plugins/com.st.stm32cube.ide.mcu.externaltools.gnu-tools-for-stm32.11.3.rel1.win32_1.1.1.202309131626/tools/bin/../lib/gcc/arm-none-eabi/11.3.1/thumb/v7-m/nofp/crtbegin.o
                0x0000000008000610                PROVIDE (__init_array_end = .)
                0x0000000008000610                . = ALIGN (0x4)

.fini_array     0x0000000008000610        0x4
                0x0000000008000610                . = ALIGN (0x4)
                [!provide]                        PROVIDE (__fini_array_start = .)
 *(SORT_BY_NAME(.fini_array.*))
 *(.fini_array*)
 .fini_array    0x0000000008000610        0x4 D:/Courses/ES/Cube IDE/Install/STM32CubeIDE_1.13.2/STM32CubeIDE/plugins/com.st.stm32cube.ide.mcu.externaltools.gnu-tools-for-stm32.11.3.rel1.win32_1.1.1.202309131626/tools/bin/../lib/gcc/arm-none-eabi/11.3.1/thumb/v7-m/nofp/crtbegin.o
                [!provide]                        PROVIDE (__fini_array_end = .)
                0x0000000008000614                . = ALIGN (0x4)
                0x0000000008000614                _sidata = LOADADDR (.data)

.data           0x0000000020000000        0x0 load address 0x0000000008000614
                0x0000000020000000                . = ALIGN (0x4)
                0x0000000020000000                _sdata = .
 *(.data)
 *(.data*)
 *(.RamFunc)
 *(.RamFunc*)
                0x0000000020000000                . = ALIGN (0x4)
                0x0000000020000000                _edata = .

.igot.plt       0x0000000020000000        0x0 load address 0x0000000008000614
 .igot.plt      0x0000000020000000        0x0 D:/Courses/ES/Cube IDE/Install/STM32CubeIDE_1.13.2/STM32CubeIDE/plugins/com.st.stm32cube.ide.mcu.externaltools.gnu-tools-for-stm32.11.3.rel1.win32_1.1.1.202309131626/tools/bin/../lib/gcc/arm-none-eabi/11.3.1/thumb/v7-m/nofp/crtbegin.o
                0x0000000020000000                . = ALIGN (0x4)

.bss            0x0000000020000000       0x1c load address 0x0000000008000614
                0x0000000020000000                _sbss = .
                0x0000000020000000                __bss_start__ = _sbss
 *(.bss)
 .bss           0x0000000020000000       0x1c D:/Courses/ES/Cube IDE/Install/STM32CubeIDE_1.13.2/STM32CubeIDE/plugins/com.st.stm32cube.ide.mcu.externaltools.gnu-tools-for-stm32.11.3.rel1.win32_1.1.1.202309131626/tools/bin/../lib/gcc/arm-none-eabi/11.3.1/thumb/v7-m/nofp/crtbegin.o
 *(.bss*)
 *(COMMON)
                0x000000002000001c                . = ALIGN (0x4)
                0x000000002000001c                _ebss = .
                0x000000002000001c                __bss_end__ = _ebss

._user_heap_stack
                0x000000002000001c      0x604 load address 0x0000000008000614
                0x0000000020000020                . = ALIGN (0x8)
 *fill*         0x000000002000001c        0x4 
                [!provide]                        PROVIDE (end = .)
                0x0000000020000020                PROVIDE (_end = .)
                0x0000000020000220                . = (. + _Min_Heap_Size)
 *fill*         0x0000000020000020      0x200 
                0x0000000020000620                . = (. + _Min_Stack_Size)
 *fill*         0x0000000020000220      0x400 
                0x0000000020000620                . = ALIGN (0x8)

/DISCARD/
 libc.a(*)
 libm.a(*)
 libgcc.a(*)

.ARM.attributes
                0x0000000000000000       0x29
 *(.ARM.attributes)
 .ARM.attributes
                0x0000000000000000       0x1d D:/Courses/ES/Cube IDE/Install/STM32CubeIDE_1.13.2/STM32CubeIDE/plugins/com.st.stm32cube.ide.mcu.externaltools.gnu-tools-for-stm32.11.3.rel1.win32_1.1.1.202309131626/tools/bin/../lib/gcc/arm-none-eabi/11.3.1/thumb/v7-m/nofp/crti.o
 .ARM.attributes
                0x000000000000001d       0x2d D:/Courses/ES/Cube IDE/Install/STM32CubeIDE_1.13.2/STM32CubeIDE/plugins/com.st.stm32cube.ide.mcu.externaltools.gnu-tools-for-stm32.11.3.rel1.win32_1.1.1.202309131626/tools/bin/../lib/gcc/arm-none-eabi/11.3.1/thumb/v7-m/nofp/crtbegin.o
 .ARM.attributes
                0x000000000000004a       0x2d ./Src/GPIO_program.o
 .ARM.attributes
                0x0000000000000077       0x2d ./Src/RCC_program.o
 .ARM.attributes
                0x00000000000000a4       0x2d ./Src/main.o
 .ARM.attributes
                0x00000000000000d1       0x21 ./Startup/startup_stm32f103c8tx.o
 .ARM.attributes
                0x00000000000000f2       0x2d D:/Courses/ES/Cube IDE/Install/STM32CubeIDE_1.13.2/STM32CubeIDE/plugins/com.st.stm32cube.ide.mcu.externaltools.gnu-tools-for-stm32.11.3.rel1.win32_1.1.1.202309131626/tools/bin/../lib/gcc/arm-none-eabi/11.3.1/../../../../arm-none-eabi/lib/thumb/v7-m/nofp\libc_nano.a(libc_a-init.o)
 .ARM.attributes
                0x000000000000011f       0x1d D:/Courses/ES/Cube IDE/Install/STM32CubeIDE_1.13.2/STM32CubeIDE/plugins/com.st.stm32cube.ide.mcu.externaltools.gnu-tools-for-stm32.11.3.rel1.win32_1.1.1.202309131626/tools/bin/../lib/gcc/arm-none-eabi/11.3.1/thumb/v7-m/nofp/crtn.o
OUTPUT(02-GPIO.elf elf32-littlearm)
LOAD linker stubs
LOAD D:/Courses/ES/Cube IDE/Install/STM32CubeIDE_1.13.2/STM32CubeIDE/plugins/com.st.stm32cube.ide.mcu.externaltools.gnu-tools-for-stm32.11.3.rel1.win32_1.1.1.202309131626/tools/bin/../lib/gcc/arm-none-eabi/11.3.1/../../../../arm-none-eabi/lib/thumb/v7-m/nofp\libc.a
LOAD D:/Courses/ES/Cube IDE/Install/STM32CubeIDE_1.13.2/STM32CubeIDE/plugins/com.st.stm32cube.ide.mcu.externaltools.gnu-tools-for-stm32.11.3.rel1.win32_1.1.1.202309131626/tools/bin/../lib/gcc/arm-none-eabi/11.3.1/../../../../arm-none-eabi/lib/thumb/v7-m/nofp\libm.a
LOAD D:/Courses/ES/Cube IDE/Install/STM32CubeIDE_1.13.2/STM32CubeIDE/plugins/com.st.stm32cube.ide.mcu.externaltools.gnu-tools-for-stm32.11.3.rel1.win32_1.1.1.202309131626/tools/bin/../lib/gcc/arm-none-eabi/11.3.1/thumb/v7-m/nofp\libgcc.a

.comment        0x0000000000000000       0x43
 .comment       0x0000000000000000       0x43 D:/Courses/ES/Cube IDE/Install/STM32CubeIDE_1.13.2/STM32CubeIDE/plugins/com.st.stm32cube.ide.mcu.externaltools.gnu-tools-for-stm32.11.3.rel1.win32_1.1.1.202309131626/tools/bin/../lib/gcc/arm-none-eabi/11.3.1/thumb/v7-m/nofp/crtbegin.o
                                         0x44 (size before relaxing)
 .comment       0x0000000000000043       0x44 ./Src/GPIO_program.o
 .comment       0x0000000000000043       0x44 ./Src/RCC_program.o
 .comment       0x0000000000000043       0x44 ./Src/main.o

.debug_info     0x0000000000000000      0x436
 .debug_info    0x0000000000000000      0x1bb ./Src/GPIO_program.o
 .debug_info    0x00000000000001bb       0xf8 ./Src/RCC_program.o
 .debug_info    0x00000000000002b3      0x160 ./Src/main.o
 .debug_info    0x0000000000000413       0x23 ./Startup/startup_stm32f103c8tx.o

.debug_abbrev   0x0000000000000000      0x25a
 .debug_abbrev  0x0000000000000000       0xcd ./Src/GPIO_program.o
 .debug_abbrev  0x00000000000000cd       0x7a ./Src/RCC_program.o
 .debug_abbrev  0x0000000000000147      0x101 ./Src/main.o
 .debug_abbrev  0x0000000000000248       0x12 ./Startup/startup_stm32f103c8tx.o

.debug_aranges  0x0000000000000000       0xd8
 .debug_aranges
                0x0000000000000000       0x40 ./Src/GPIO_program.o
 .debug_aranges
                0x0000000000000040       0x30 ./Src/RCC_program.o
 .debug_aranges
                0x0000000000000070       0x40 ./Src/main.o
 .debug_aranges
                0x00000000000000b0       0x28 ./Startup/startup_stm32f103c8tx.o

.debug_rnglists
                0x0000000000000000       0x94
 .debug_rnglists
                0x0000000000000000       0x2f ./Src/GPIO_program.o
 .debug_rnglists
                0x000000000000002f       0x21 ./Src/RCC_program.o
 .debug_rnglists
                0x0000000000000050       0x2b ./Src/main.o
 .debug_rnglists
                0x000000000000007b       0x19 ./Startup/startup_stm32f103c8tx.o

.debug_macro    0x0000000000000000     0x1985
 .debug_macro   0x0000000000000000       0x50 ./Src/GPIO_program.o
 .debug_macro   0x0000000000000050      0xaa2 ./Src/GPIO_program.o
 .debug_macro   0x0000000000000af2       0x22 ./Src/GPIO_program.o
 .debug_macro   0x0000000000000b14       0x10 ./Src/GPIO_program.o
 .debug_macro   0x0000000000000b24      0x100 ./Src/GPIO_program.o
 .debug_macro   0x0000000000000c24      0x595 ./Src/GPIO_program.o
 .debug_macro   0x00000000000011b9       0x2e ./Src/GPIO_program.o
 .debug_macro   0x00000000000011e7       0x16 ./Src/GPIO_program.o
 .debug_macro   0x00000000000011fd       0x94 ./Src/GPIO_program.o
 .debug_macro   0x0000000000001291       0x47 ./Src/RCC_program.o
 .debug_macro   0x00000000000012d8      0x190 ./Src/RCC_program.o
 .debug_macro   0x0000000000001468       0x34 ./Src/RCC_program.o
 .debug_macro   0x000000000000149c       0x10 ./Src/RCC_program.o
 .debug_macro   0x00000000000014ac       0x8c ./Src/main.o
 .debug_macro   0x0000000000001538       0x22 ./Src/main.o
 .debug_macro   0x000000000000155a       0x8e ./Src/main.o
 .debug_macro   0x00000000000015e8       0x51 ./Src/main.o
 .debug_macro   0x0000000000001639      0x103 ./Src/main.o
 .debug_macro   0x000000000000173c       0x6a ./Src/main.o
 .debug_macro   0x00000000000017a6      0x1df ./Src/main.o

.debug_line     0x0000000000000000      0x923
 .debug_line    0x0000000000000000      0x2c6 ./Src/GPIO_program.o
 .debug_line    0x00000000000002c6      0x130 ./Src/RCC_program.o
 .debug_line    0x00000000000003f6      0x4b2 ./Src/main.o
 .debug_line    0x00000000000008a8       0x7b ./Startup/startup_stm32f103c8tx.o

.debug_str      0x0000000000000000     0x5f68
 .debug_str     0x0000000000000000     0x49c9 ./Src/GPIO_program.o
                                       0x4a40 (size before relaxing)
 .debug_str     0x00000000000049c9      0x746 ./Src/RCC_program.o
                                       0x37d8 (size before relaxing)
 .debug_str     0x000000000000510f      0xe2a ./Src/main.o
                                       0x4309 (size before relaxing)
 .debug_str     0x0000000000005f39       0x2f ./Startup/startup_stm32f103c8tx.o
                                         0x74 (size before relaxing)

.debug_frame    0x0000000000000000      0x228
 .debug_frame   0x0000000000000000       0xd4 ./Src/GPIO_program.o
 .debug_frame   0x00000000000000d4       0x80 ./Src/RCC_program.o
 .debug_frame   0x0000000000000154       0xa8 ./Src/main.o
 .debug_frame   0x00000000000001fc       0x2c D:/Courses/ES/Cube IDE/Install/STM32CubeIDE_1.13.2/STM32CubeIDE/plugins/com.st.stm32cube.ide.mcu.externaltools.gnu-tools-for-stm32.11.3.rel1.win32_1.1.1.202309131626/tools/bin/../lib/gcc/arm-none-eabi/11.3.1/../../../../arm-none-eabi/lib/thumb/v7-m/nofp\libc_nano.a(libc_a-init.o)

.debug_line_str
                0x0000000000000000       0x68
 .debug_line_str
                0x0000000000000000       0x68 ./Startup/startup_stm32f103c8tx.o
                                         0x80 (size before relaxing)
