Archive member included to satisfy reference by file (symbol)

D:/Courses/ES/Cube IDE/Install/STM32CubeIDE_1.13.2/STM32CubeIDE/plugins/com.st.stm32cube.ide.mcu.externaltools.gnu-tools-for-stm32.11.3.rel1.win32_1.1.1.202309131626/tools/bin/../lib/gcc/arm-none-eabi/11.3.1/../../../../arm-none-eabi/lib/thumb/v7-m/nofp\libc_nano.a(libc_a-exit.o)
                              D:/Courses/ES/Cube IDE/Install/STM32CubeIDE_1.13.2/STM32CubeIDE/plugins/com.st.stm32cube.ide.mcu.externaltools.gnu-tools-for-stm32.11.3.rel1.win32_1.1.1.202309131626/tools/bin/../lib/gcc/arm-none-eabi/11.3.1/../../../../arm-none-eabi/lib/thumb/v7-m/nofp/crt0.o (exit)
D:/Courses/ES/Cube IDE/Install/STM32CubeIDE_1.13.2/STM32CubeIDE/plugins/com.st.stm32cube.ide.mcu.externaltools.gnu-tools-for-stm32.11.3.rel1.win32_1.1.1.202309131626/tools/bin/../lib/gcc/arm-none-eabi/11.3.1/../../../../arm-none-eabi/lib/thumb/v7-m/nofp\libc_nano.a(libc_a-findfp.o)
                              D:/Courses/ES/Cube IDE/Install/STM32CubeIDE_1.13.2/STM32CubeIDE/plugins/com.st.stm32cube.ide.mcu.externaltools.gnu-tools-for-stm32.11.3.rel1.win32_1.1.1.202309131626/tools/bin/../lib/gcc/arm-none-eabi/11.3.1/../../../../arm-none-eabi/lib/thumb/v7-m/nofp\libc_nano.a(libc_a-exit.o) (__stdio_exit_handler)
D:/Courses/ES/Cube IDE/Install/STM32CubeIDE_1.13.2/STM32CubeIDE/plugins/com.st.stm32cube.ide.mcu.externaltools.gnu-tools-for-stm32.11.3.rel1.win32_1.1.1.202309131626/tools/bin/../lib/gcc/arm-none-eabi/11.3.1/../../../../arm-none-eabi/lib/thumb/v7-m/nofp\libc_nano.a(libc_a-fwalk.o)
                              D:/Courses/ES/Cube IDE/Install/STM32CubeIDE_1.13.2/STM32CubeIDE/plugins/com.st.stm32cube.ide.mcu.externaltools.gnu-tools-for-stm32.11.3.rel1.win32_1.1.1.202309131626/tools/bin/../lib/gcc/arm-none-eabi/11.3.1/../../../../arm-none-eabi/lib/thumb/v7-m/nofp\libc_nano.a(libc_a-findfp.o) (_fwalk_sglue)
D:/Courses/ES/Cube IDE/Install/STM32CubeIDE_1.13.2/STM32CubeIDE/plugins/com.st.stm32cube.ide.mcu.externaltools.gnu-tools-for-stm32.11.3.rel1.win32_1.1.1.202309131626/tools/bin/../lib/gcc/arm-none-eabi/11.3.1/../../../../arm-none-eabi/lib/thumb/v7-m/nofp\libc_nano.a(libc_a-stdio.o)
                              D:/Courses/ES/Cube IDE/Install/STM32CubeIDE_1.13.2/STM32CubeIDE/plugins/com.st.stm32cube.ide.mcu.externaltools.gnu-tools-for-stm32.11.3.rel1.win32_1.1.1.202309131626/tools/bin/../lib/gcc/arm-none-eabi/11.3.1/../../../../arm-none-eabi/lib/thumb/v7-m/nofp\libc_nano.a(libc_a-findfp.o) (__sread)
D:/Courses/ES/Cube IDE/Install/STM32CubeIDE_1.13.2/STM32CubeIDE/plugins/com.st.stm32cube.ide.mcu.externaltools.gnu-tools-for-stm32.11.3.rel1.win32_1.1.1.202309131626/tools/bin/../lib/gcc/arm-none-eabi/11.3.1/../../../../arm-none-eabi/lib/thumb/v7-m/nofp\libc_nano.a(libc_a-memset.o)
                              D:/Courses/ES/Cube IDE/Install/STM32CubeIDE_1.13.2/STM32CubeIDE/plugins/com.st.stm32cube.ide.mcu.externaltools.gnu-tools-for-stm32.11.3.rel1.win32_1.1.1.202309131626/tools/bin/../lib/gcc/arm-none-eabi/11.3.1/../../../../arm-none-eabi/lib/thumb/v7-m/nofp/crt0.o (memset)
D:/Courses/ES/Cube IDE/Install/STM32CubeIDE_1.13.2/STM32CubeIDE/plugins/com.st.stm32cube.ide.mcu.externaltools.gnu-tools-for-stm32.11.3.rel1.win32_1.1.1.202309131626/tools/bin/../lib/gcc/arm-none-eabi/11.3.1/../../../../arm-none-eabi/lib/thumb/v7-m/nofp\libc_nano.a(libc_a-closer.o)
                              D:/Courses/ES/Cube IDE/Install/STM32CubeIDE_1.13.2/STM32CubeIDE/plugins/com.st.stm32cube.ide.mcu.externaltools.gnu-tools-for-stm32.11.3.rel1.win32_1.1.1.202309131626/tools/bin/../lib/gcc/arm-none-eabi/11.3.1/../../../../arm-none-eabi/lib/thumb/v7-m/nofp\libc_nano.a(libc_a-stdio.o) (_close_r)
D:/Courses/ES/Cube IDE/Install/STM32CubeIDE_1.13.2/STM32CubeIDE/plugins/com.st.stm32cube.ide.mcu.externaltools.gnu-tools-for-stm32.11.3.rel1.win32_1.1.1.202309131626/tools/bin/../lib/gcc/arm-none-eabi/11.3.1/../../../../arm-none-eabi/lib/thumb/v7-m/nofp\libc_nano.a(libc_a-reent.o)
                              D:/Courses/ES/Cube IDE/Install/STM32CubeIDE_1.13.2/STM32CubeIDE/plugins/com.st.stm32cube.ide.mcu.externaltools.gnu-tools-for-stm32.11.3.rel1.win32_1.1.1.202309131626/tools/bin/../lib/gcc/arm-none-eabi/11.3.1/../../../../arm-none-eabi/lib/thumb/v7-m/nofp\libc_nano.a(libc_a-closer.o) (errno)
D:/Courses/ES/Cube IDE/Install/STM32CubeIDE_1.13.2/STM32CubeIDE/plugins/com.st.stm32cube.ide.mcu.externaltools.gnu-tools-for-stm32.11.3.rel1.win32_1.1.1.202309131626/tools/bin/../lib/gcc/arm-none-eabi/11.3.1/../../../../arm-none-eabi/lib/thumb/v7-m/nofp\libc_nano.a(libc_a-impure.o)
                              D:/Courses/ES/Cube IDE/Install/STM32CubeIDE_1.13.2/STM32CubeIDE/plugins/com.st.stm32cube.ide.mcu.externaltools.gnu-tools-for-stm32.11.3.rel1.win32_1.1.1.202309131626/tools/bin/../lib/gcc/arm-none-eabi/11.3.1/../../../../arm-none-eabi/lib/thumb/v7-m/nofp\libc_nano.a(libc_a-reent.o) (_impure_ptr)
[...]
Memory Configuration

Name             Origin             Length             Attributes
RAM              0x0000000020000000 0x0000000000005000 xrw
FLASH            0x0000000008000000 0x0000000000010000 xr
*default*        0x0000000000000000 0xffffffffffffffff

Linker script and memory map

LOAD D:/Courses/ES/Cube IDE/Install/STM32CubeIDE_1.13.2/STM32CubeIDE/plugins/com.st.stm32cube.ide.mcu.externaltools.gnu-tools-for-stm32.11.3.rel1.win32_1.1.1.202309131626/tools/bin/../lib/gcc/arm-none-eabi/11.3.1/thumb/v7-m/nofp/crti.o
LOAD D:/Courses/ES/Cube IDE/Install/STM32CubeIDE_1.13.2/STM32CubeIDE/plugins/com.st.stm32cube.ide.mcu.externaltools.gnu-tools-for-stm32.11.3.rel1.win32_1.1.1.202309131626/tools/bin/../lib/gcc/arm-none-eabi/11.3.1/thumb/v7-m/nofp/crtbegin.o
LOAD D:/Courses/ES/Cube IDE/Install/STM32CubeIDE_1.13.2/STM32CubeIDE/plugins/com.st.stm32cube.ide.mcu.externaltools.gnu-tools-for-stm32.11.3.rel1.win32_1.1.1.202309131626/tools/bin/../lib/gcc/arm-none-eabi/11.3.1/../../../../arm-none-eabi/lib/thumb/v7-m/nofp/crt0.o
LOAD ./Src/GPIO_program.o
LOAD ./Src/RCC_program.o
LOAD ./Src/RTOS_program.o
LOAD ./Src/SYSTICK_program.o
LOAD ./Src/TIMERx_program.o
LOAD ./Src/USART2_program.o
LOAD ./Src/main.o
LOAD ./Src/syscalls.o
LOAD ./Src/sysmem.o
LOAD ./Startup/startup_stm32f103c8tx.o
START GROUP
LOAD D:/Courses/ES/Cube IDE/Install/STM32CubeIDE_1.13.2/STM32CubeIDE/plugins/com.st.stm32cube.ide.mcu.externaltools.gnu-tools-for-stm32.11.3.rel1.win32_1.1.1.202309131626/tools/bin/../lib/gcc/arm-none-eabi/11.3.1/../../../../arm-none-eabi/lib/thumb/v7-m/nofp\libc_nano.a
LOAD D:/Courses/ES/Cube IDE/Install/STM32CubeIDE_1.13.2/STM32CubeIDE/plugins/com.st.stm32cube.ide.mcu.externaltools.gnu-tools-for-stm32.11.3.rel1.win32_1.1.1.202309131626/tools/bin/../lib/gcc/arm-none-eabi/11.3.1/../../../../arm-none-eabi/lib/thumb/v7-m/nofp\libm.a
END GROUP
START GROUP
LOAD D:/Courses/ES/Cube IDE/Install/STM32CubeIDE_1.13.2/STM32CubeIDE/plugins/com.st.stm32cube.ide.mcu.externaltools.gnu-tools-for-stm32.11.3.rel1.win32_1.1.1.202309131626/tools/bin/../lib/gcc/arm-none-eabi/11.3.1/thumb/v7-m/nofp\libgcc.a
LOAD D:/Courses/ES/Cube IDE/Install/STM32CubeIDE_1.13.2/STM32CubeIDE/plugins/com.st.stm32cube.ide.mcu.externaltools.gnu-tools-for-stm32.11.3.rel1.win32_1.1.1.202309131626/tools/bin/../lib/gcc/arm-none-eabi/11.3.1/../../../../arm-none-eabi/lib/thumb/v7-m/nofp\libc_nano.a
END GROUP
START GROUP
LOAD D:/Courses/ES/Cube IDE/Install/STM32CubeIDE_1.13.2/STM32CubeIDE/plugins/com.st.stm32cube.ide.mcu.externaltools.gnu-tools-for-stm32.11.3.rel1.win32_1.1.1.202309131626/tools/bin/../lib/gcc/arm-none-eabi/11.3.1/thumb/v7-m/nofp\libgcc.a
LOAD D:/Courses/ES/Cube IDE/Install/STM32CubeIDE_1.13.2/STM32CubeIDE/plugins/com.st.stm32cube.ide.mcu.externaltools.gnu-tools-for-stm32.11.3.rel1.win32_1.1.1.202309131626/tools/bin/../lib/gcc/arm-none-eabi/11.3.1/../../../../arm-none-eabi/lib/thumb/v7-m/nofp\libc_nano.a
LOAD D:/Courses/ES/Cube IDE/Install/STM32CubeIDE_1.13.2/STM32CubeIDE/plugins/com.st.stm32cube.ide.mcu.externaltools.gnu-tools-for-stm32.11.3.rel1.win32_1.1.1.202309131626/tools/bin/../lib/gcc/arm-none-eabi/11.3.1/../../../../arm-none-eabi/lib/thumb/v7-m/nofp\libnosys.a
END GROUP
START GROUP
LOAD D:/Courses/ES/Cube IDE/Install/STM32CubeIDE_1.13.2/STM32CubeIDE/plugins/com.st.stm32cube.ide.mcu.externaltools.gnu-tools-for-stm32.11.3.rel1.win32_1.1.1.202309131626/tools/bin/../lib/gcc/arm-none-eabi/11.3.1/thumb/v7-m/nofp\libgcc.a
LOAD D:/Courses/ES/Cube IDE/Install/STM32CubeIDE_1.13.2/STM32CubeIDE/plugins/com.st.stm32cube.ide.mcu.externaltools.gnu-tools-for-stm32.11.3.rel1.win32_1.1.1.202309131626/tools/bin/../lib/gcc/arm-none-eabi/11.3.1/../../../../arm-none-eabi/lib/thumb/v7-m/nofp\libc_nano.a
LOAD D:/Courses/ES/Cube IDE/Install/STM32CubeIDE_1.13.2/STM32CubeIDE/plugins/com.st.stm32cube.ide.mcu.externaltools.gnu-tools-for-stm32.11.3.rel1.win32_1.1.1.202309131626/tools/bin/../lib/gcc/arm-none-eabi/11.3.1/../../../../arm-none-eabi/lib/thumb/v7-m/nofp\libnosys.a
END GROUP
LOAD D:/Courses/ES/Cube IDE/Install/STM32CubeIDE_1.13.2/STM32CubeIDE/plugins/com.st.stm32cube.ide.mcu.externaltools.gnu-tools-for-stm32.11.3.rel1.win32_1.1.1.202309131626/tools/bin/../lib/gcc/arm-none-eabi/11.3.1/thumb/v7-m/nofp/crtend.o
LOAD D:/Courses/ES/Cube IDE/Install/STM32CubeIDE_1.13.2/STM32CubeIDE/plugins/com.st.stm32cube.ide.mcu.externaltools.gnu-tools-for-stm32.11.3.rel1.win32_1.1.1.202309131626/tools/bin/../lib/gcc/arm-none-eabi/11.3.1/thumb/v7-m/nofp/crtn.o
                0x0000000020005000                _estack = (ORIGIN (RAM) + LENGTH (RAM))
                0x0000000000000200                _Min_Heap_Size = 0x200
                0x0000000000000400                _Min_Stack_Size = 0x400

.isr_vector     0x0000000008000000      0x130
                0x0000000008000000                . = ALIGN (0x4)
 *(.isr_vector)
 .isr_vector    0x0000000008000000      0x130 ./Startup/startup_stm32f103c8tx.o
                0x0000000008000000                g_pfnVectors
                0x0000000008000130                . = ALIGN (0x4)

.text           0x0000000008000130      0x690
                0x0000000008000130                . = ALIGN (0x4)
 *(.text)
 .text          0x0000000008000130       0x40 D:/Courses/ES/Cube IDE/Install/STM32CubeIDE_1.13.2/STM32CubeIDE/plugins/com.st.stm32cube.ide.mcu.externaltools.gnu-tools-for-stm32.11.3.rel1.win32_1.1.1.202309131626/tools/bin/../lib/gcc/arm-none-eabi/11.3.1/thumb/v7-m/nofp/crtbegin.o
 *(.text*)
 .text.GPIO_voidSetPinDirection
                0x0000000008000170      0x1b0 ./Src/GPIO_program.o
                0x0000000008000170                GPIO_voidSetPinDirection
 .text.GPIO_voidSetPinValue
                0x0000000008000320       0xf8 ./Src/GPIO_program.o
                0x0000000008000320                GPIO_voidSetPinValue
 .text.RCC_voidInit
                0x0000000008000418       0x48 ./Src/RCC_program.o
                0x0000000008000418                RCC_voidInit
 .text.RCC_voidEnableClockPeripheral
                0x0000000008000460       0x84 ./Src/RCC_program.o
                0x0000000008000460                RCC_voidEnableClockPeripheral
 .text.RTOS_voidCreateTask
                0x00000000080004e4       0x88 ./Src/RTOS_program.o
                0x00000000080004e4                RTOS_voidCreateTask
 .text.SysTick_Handler
                0x000000000800056c       0x14 ./Src/SYSTICK_program.o
                0x000000000800056c                SysTick_Handler
 .text.TIM3_PWM_Init
                0x0000000008000580       0x54 ./Src/TIMERx_program.o
                0x0000000008000580                TIM3_PWM_Init
 .text.TIM3_PWM_CH1_Generate
                0x00000000080005d4       0x78 ./Src/TIMERx_program.o
                0x00000000080005d4                TIM3_PWM_CH1_Generate
 .text.USART2_IRQHandler
                0x000000000800064c       0x1c ./Src/USART2_program.o
                0x000000000800064c                USART2_IRQHandler
 .text.main     0x0000000008000668       0x90 ./Src/main.o
                0x0000000008000668                main
 .text.Task     0x00000000080006f8       0x12 ./Src/main.o
                0x00000000080006f8                Task
 *fill*         0x000000000800070a        0x2 
 .text.Reset_Handler
                0x000000000800070c       0x50 ./Startup/startup_stm32f103c8tx.o
                0x000000000800070c                Reset_Handler
 .text.Default_Handler
                0x000000000800075c        0x2 ./Startup/startup_stm32f103c8tx.o
                0x000000000800075c                EXTI2_IRQHandler
                0x000000000800075c                TIM8_TRG_COM_IRQHandler
                0x000000000800075c                TIM8_CC_IRQHandler
                0x000000000800075c                DebugMon_Handler
                0x000000000800075c                TIM1_CC_IRQHandler
                0x000000000800075c                HardFault_Handler
                0x000000000800075c                TIM6_IRQHandler
                0x000000000800075c                PVD_IRQHandler
                0x000000000800075c                SDIO_IRQHandler
                0x000000000800075c                PendSV_Handler
                0x000000000800075c                NMI_Handler
                0x000000000800075c                EXTI3_IRQHandler
                0x000000000800075c                USB_HP_CAN_TX_IRQHandler
                0x000000000800075c                EXTI0_IRQHandler
                0x000000000800075c                I2C2_EV_IRQHandler
                0x000000000800075c                UsageFault_Handler
                0x000000000800075c                ADC1_2_IRQHandler
                0x000000000800075c                SPI1_IRQHandler
                0x000000000800075c                CAN_SCE_IRQHandler
                0x000000000800075c                TAMPER_IRQHandler
                0x000000000800075c                TIM8_UP_IRQHandler
                0x000000000800075c                DMA2_Channel2_IRQHandler
                0x000000000800075c                DMA1_Channel4_IRQHandler
                0x000000000800075c                USART3_IRQHandler
                0x000000000800075c                RTC_IRQHandler
                0x000000000800075c                DMA1_Channel7_IRQHandler
                0x000000000800075c                UART5_IRQHandler
                0x000000000800075c                ADC3_IRQHandler
                0x000000000800075c                TIM4_IRQHandler
                0x000000000800075c                CAN_RX1_IRQHandler
                0x000000000800075c                DMA2_Channel1_IRQHandler
                0x000000000800075c                I2C1_EV_IRQHandler
                0x000000000800075c                DMA1_Channel6_IRQHandler
                0x000000000800075c                UART4_IRQHandler
                0x000000000800075c                TIM3_IRQHandler
                0x000000000800075c                RCC_IRQHandler
                0x000000000800075c                TIM1_TRG_COM_IRQHandler
                0x000000000800075c                DMA1_Channel1_IRQHandler
                0x000000000800075c                Default_Handler
                0x000000000800075c                EXTI15_10_IRQHandler
                0x000000000800075c                TIM7_IRQHandler
                0x000000000800075c                TIM5_IRQHandler
                0x000000000800075c                EXTI9_5_IRQHandler
                0x000000000800075c                SPI2_IRQHandler
                0x000000000800075c                USB_LP_CAN_RX0_IRQHandler
                0x000000000800075c                MemManage_Handler
                0x000000000800075c                SVC_Handler
                0x000000000800075c                DMA1_Channel5_IRQHandler
                0x000000000800075c                EXTI4_IRQHandler
                0x000000000800075c                DMA1_Channel3_IRQHandler
                0x000000000800075c                FSMC_IRQHandler
                0x000000000800075c                TIM1_UP_IRQHandler
                0x000000000800075c                WWDG_IRQHandler
                0x000000000800075c                TIM2_IRQHandler
                0x000000000800075c                TIM1_BRK_IRQHandler
                0x000000000800075c                EXTI1_IRQHandler
                0x000000000800075c                RTCAlarm_IRQHandler
                0x000000000800075c                DMA2_Channel4_5_IRQHandler
                0x000000000800075c                I2C2_ER_IRQHandler
                0x000000000800075c                DMA1_Channel2_IRQHandler
                0x000000000800075c                TIM8_BRK_IRQHandler
                0x000000000800075c                FLASH_IRQHandler
                0x000000000800075c                BusFault_Handler
                0x000000000800075c                USART1_IRQHandler
                0x000000000800075c                SPI3_IRQHandler
                0x000000000800075c                I2C1_ER_IRQHandler
                0x000000000800075c                DMA2_Channel3_IRQHandler
 *fill*         0x000000000800075e        0x2 
 .text.__libc_init_array
                0x0000000008000760       0x48 D:/Courses/ES/Cube IDE/Install/STM32CubeIDE_1.13.2/STM32CubeIDE/plugins/com.st.stm32cube.ide.mcu.externaltools.gnu-tools-for-stm32.11.3.rel1.win32_1.1.1.202309131626/tools/bin/../lib/gcc/arm-none-eabi/11.3.1/../../../../arm-none-eabi/lib/thumb/v7-m/nofp\libc_nano.a(libc_a-init.o)
                0x0000000008000760                __libc_init_array
 *(.glue_7)
 .glue_7        0x00000000080007a8        0x0 linker stubs
 *(.glue_7t)
 .glue_7t       0x00000000080007a8        0x0 linker stubs
 *(.eh_frame)
 .eh_frame      0x00000000080007a8        0x0 D:/Courses/ES/Cube IDE/Install/STM32CubeIDE_1.13.2/STM32CubeIDE/plugins/com.st.stm32cube.ide.mcu.externaltools.gnu-tools-for-stm32.11.3.rel1.win32_1.1.1.202309131626/tools/bin/../lib/gcc/arm-none-eabi/11.3.1/thumb/v7-m/nofp/crtbegin.o
 *(.init)
 .init          0x00000000080007a8        0x4 D:/Courses/ES/Cube IDE/Install/STM32CubeIDE_1.13.2/STM32CubeIDE/plugins/com.st.stm32cube.ide.mcu.externaltools.gnu-tools-for-stm32.11.3.rel1.win32_1.1.1.202309131626/tools/bin/../lib/gcc/arm-none-eabi/11.3.1/thumb/v7-m/nofp/crti.o
                0x00000000080007a8                _init
 .init          0x00000000080007ac        0x8 D:/Courses/ES/Cube IDE/Install/STM32CubeIDE_1.13.2/STM32CubeIDE/plugins/com.st.stm32cube.ide.mcu.externaltools.gnu-tools-for-stm32.11.3.rel1.win32_1.1.1.202309131626/tools/bin/../lib/gcc/arm-none-eabi/11.3.1/thumb/v7-m/nofp/crtn.o
 *(.fini)
 .fini          0x00000000080007b4        0x4 D:/Courses/ES/Cube IDE/Install/STM32CubeIDE_1.13.2/STM32CubeIDE/plugins/com.st.stm32cube.ide.mcu.externaltools.gnu-tools-for-stm32.11.3.rel1.win32_1.1.1.202309131626/tools/bin/../lib/gcc/arm-none-eabi/11.3.1/thumb/v7-m/nofp/crti.o
                0x00000000080007b4                _fini
 .fini          0x00000000080007b8        0x8 D:/Courses/ES/Cube IDE/Install/STM32CubeIDE_1.13.2/STM32CubeIDE/plugins/com.st.stm32cube.ide.mcu.externaltools.gnu-tools-for-stm32.11.3.rel1.win32_1.1.1.202309131626/tools/bin/../lib/gcc/arm-none-eabi/11.3.1/thumb/v7-m/nofp/crtn.o
                0x00000000080007c0                . = ALIGN (0x4)
                0x00000000080007c0                _etext = .

.vfp11_veneer   0x00000000080007c0        0x0
 .vfp11_veneer  0x00000000080007c0        0x0 linker stubs

.v4_bx          0x00000000080007c0        0x0
 .v4_bx         0x00000000080007c0        0x0 linker stubs

.iplt           0x00000000080007c0        0x0
 .iplt          0x00000000080007c0        0x0 D:/Courses/ES/Cube IDE/Install/STM32CubeIDE_1.13.2/STM32CubeIDE/plugins/com.st.stm32cube.ide.mcu.externaltools.gnu-tools-for-stm32.11.3.rel1.win32_1.1.1.202309131626/tools/bin/../lib/gcc/arm-none-eabi/11.3.1/thumb/v7-m/nofp/crtbegin.o

.rel.dyn        0x00000000080007c0        0x0
 .rel.iplt      0x00000000080007c0        0x0 D:/Courses/ES/Cube IDE/Install/STM32CubeIDE_1.13.2/STM32CubeIDE/plugins/com.st.stm32cube.ide.mcu.externaltools.gnu-tools-for-stm32.11.3.rel1.win32_1.1.1.202309131626/tools/bin/../lib/gcc/arm-none-eabi/11.3.1/thumb/v7-m/nofp/crtbegin.o

.rodata         0x00000000080007c0        0x0
                0x00000000080007c0                . = ALIGN (0x4)
 *(.rodata)
 *(.rodata*)
                0x00000000080007c0                . = ALIGN (0x4)

.ARM.extab      0x00000000080007c0        0x0
                0x00000000080007c0                . = ALIGN (0x4)
 *(.ARM.extab* .gnu.linkonce.armextab.*)
                0x00000000080007c0                . = ALIGN (0x4)

.ARM            0x00000000080007c0        0x0
                0x00000000080007c0                . = ALIGN (0x4)
                0x00000000080007c0                __exidx_start = .
 *(.ARM.exidx*)
                0x00000000080007c0                __exidx_end = .
                0x00000000080007c0                . = ALIGN (0x4)

.preinit_array  0x00000000080007c0        0x0
                0x00000000080007c0                . = ALIGN (0x4)
                0x00000000080007c0                PROVIDE (__preinit_array_start = .)
 *(.preinit_array*)
                0x00000000080007c0                PROVIDE (__preinit_array_end = .)
                0x00000000080007c0                . = ALIGN (0x4)

.init_array     0x00000000080007c0        0x4
                0x00000000080007c0                . = ALIGN (0x4)
                0x00000000080007c0                PROVIDE (__init_array_start = .)
 *(SORT_BY_NAME(.init_array.*))
 *(.init_array*)
 .init_array    0x00000000080007c0        0x4 D:/Courses/ES/Cube IDE/Install/STM32CubeIDE_1.13.2/STM32CubeIDE/plugins/com.st.stm32cube.ide.mcu.externaltools.gnu-tools-for-stm32.11.3.rel1.win32_1.1.1.202309131626/tools/bin/../lib/gcc/arm-none-eabi/11.3.1/thumb/v7-m/nofp/crtbegin.o
                0x00000000080007c4                PROVIDE (__init_array_end = .)
                0x00000000080007c4                . = ALIGN (0x4)

.fini_array     0x00000000080007c4        0x4
                0x00000000080007c4                . = ALIGN (0x4)
                [!provide]                        PROVIDE (__fini_array_start = .)
 *(SORT_BY_NAME(.fini_array.*))
 *(.fini_array*)
 .fini_array    0x00000000080007c4        0x4 D:/Courses/ES/Cube IDE/Install/STM32CubeIDE_1.13.2/STM32CubeIDE/plugins/com.st.stm32cube.ide.mcu.externaltools.gnu-tools-for-stm32.11.3.rel1.win32_1.1.1.202309131626/tools/bin/../lib/gcc/arm-none-eabi/11.3.1/thumb/v7-m/nofp/crtbegin.o
                [!provide]                        PROVIDE (__fini_array_end = .)
                0x00000000080007c8                . = ALIGN (0x4)
                0x00000000080007c8                _sidata = LOADADDR (.data)

.data           0x0000000020000000        0x0 load address 0x00000000080007c8
                0x0000000020000000                . = ALIGN (0x4)
                0x0000000020000000                _sdata = .
 *(.data)
 *(.data*)
 *(.RamFunc)
 *(.RamFunc*)
                0x0000000020000000                . = ALIGN (0x4)
                0x0000000020000000                _edata = .

.igot.plt       0x0000000020000000        0x0 load address 0x00000000080007c8
 .igot.plt      0x0000000020000000        0x0 D:/Courses/ES/Cube IDE/Install/STM32CubeIDE_1.13.2/STM32CubeIDE/plugins/com.st.stm32cube.ide.mcu.externaltools.gnu-tools-for-stm32.11.3.rel1.win32_1.1.1.202309131626/tools/bin/../lib/gcc/arm-none-eabi/11.3.1/thumb/v7-m/nofp/crtbegin.o
                0x0000000020000000                . = ALIGN (0x4)

.bss            0x0000000020000000       0x48 load address 0x00000000080007c8
                0x0000000020000000                _sbss = .
                0x0000000020000000                __bss_start__ = _sbss
 *(.bss)
 .bss           0x0000000020000000       0x1c D:/Courses/ES/Cube IDE/Install/STM32CubeIDE_1.13.2/STM32CubeIDE/plugins/com.st.stm32cube.ide.mcu.externaltools.gnu-tools-for-stm32.11.3.rel1.win32_1.1.1.202309131626/tools/bin/../lib/gcc/arm-none-eabi/11.3.1/thumb/v7-m/nofp/crtbegin.o
 *(.bss*)
 .bss.SYS_TASKS
                0x000000002000001c       0x24 ./Src/RTOS_program.o
 .bss.STK_CallBack
                0x0000000020000040        0x4 ./Src/SYSTICK_program.o
                0x0000000020000040                STK_CallBack
 .bss.USART2_CallBack
                0x0000000020000044        0x4 ./Src/USART2_program.o
                0x0000000020000044                USART2_CallBack
 *(COMMON)
                0x0000000020000048                . = ALIGN (0x4)
                0x0000000020000048                _ebss = .
                0x0000000020000048                __bss_end__ = _ebss

._user_heap_stack
                0x0000000020000048      0x600 load address 0x00000000080007c8
                0x0000000020000048                . = ALIGN (0x8)
                [!provide]                        PROVIDE (end = .)
                0x0000000020000048                PROVIDE (_end = .)
                0x0000000020000248                . = (. + _Min_Heap_Size)
 *fill*         0x0000000020000048      0x200 
                0x0000000020000648                . = (. + _Min_Stack_Size)
 *fill*         0x0000000020000248      0x400 
                0x0000000020000648                . = ALIGN (0x8)

/DISCARD/
 libc.a(*)
 libm.a(*)
 libgcc.a(*)

.ARM.attributes
                0x0000000000000000       0x29
 *(.ARM.attributes)
 .ARM.attributes
                0x0000000000000000       0x1d D:/Courses/ES/Cube IDE/Install/STM32CubeIDE_1.13.2/STM32CubeIDE/plugins/com.st.stm32cube.ide.mcu.externaltools.gnu-tools-for-stm32.11.3.rel1.win32_1.1.1.202309131626/tools/bin/../lib/gcc/arm-none-eabi/11.3.1/thumb/v7-m/nofp/crti.o
 .ARM.attributes
                0x000000000000001d       0x2d D:/Courses/ES/Cube IDE/Install/STM32CubeIDE_1.13.2/STM32CubeIDE/plugins/com.st.stm32cube.ide.mcu.externaltools.gnu-tools-for-stm32.11.3.rel1.win32_1.1.1.202309131626/tools/bin/../lib/gcc/arm-none-eabi/11.3.1/thumb/v7-m/nofp/crtbegin.o
 .ARM.attributes
                0x000000000000004a       0x2d ./Src/GPIO_program.o
 .ARM.attributes
                0x0000000000000077       0x2d ./Src/RCC_program.o
 .ARM.attributes
                0x00000000000000a4       0x2d ./Src/RTOS_program.o
 .ARM.attributes
                0x00000000000000d1       0x2d ./Src/SYSTICK_program.o
 .ARM.attributes
                0x00000000000000fe       0x2d ./Src/TIMERx_program.o
 .ARM.attributes
                0x000000000000012b       0x2d ./Src/USART2_program.o
 .ARM.attributes
                0x0000000000000158       0x2d ./Src/main.o
 .ARM.attributes
                0x0000000000000185       0x21 ./Startup/startup_stm32f103c8tx.o
 .ARM.attributes
                0x00000000000001a6       0x2d D:/Courses/ES/Cube IDE/Install/STM32CubeIDE_1.13.2/STM32CubeIDE/plugins/com.st.stm32cube.ide.mcu.externaltools.gnu-tools-for-stm32.11.3.rel1.win32_1.1.1.202309131626/tools/bin/../lib/gcc/arm-none-eabi/11.3.1/../../../../arm-none-eabi/lib/thumb/v7-m/nofp\libc_nano.a(libc_a-init.o)
 .ARM.attributes
                0x00000000000001d3       0x1d D:/Courses/ES/Cube IDE/Install/STM32CubeIDE_1.13.2/STM32CubeIDE/plugins/com.st.stm32cube.ide.mcu.externaltools.gnu-tools-for-stm32.11.3.rel1.win32_1.1.1.202309131626/tools/bin/../lib/gcc/arm-none-eabi/11.3.1/thumb/v7-m/nofp/crtn.o
OUTPUT(Control_Car_with_Mobile.elf elf32-littlearm)
LOAD linker stubs
LOAD D:/Courses/ES/Cube IDE/Install/STM32CubeIDE_1.13.2/STM32CubeIDE/plugins/com.st.stm32cube.ide.mcu.externaltools.gnu-tools-for-stm32.11.3.rel1.win32_1.1.1.202309131626/tools/bin/../lib/gcc/arm-none-eabi/11.3.1/../../../../arm-none-eabi/lib/thumb/v7-m/nofp\libc.a
LOAD D:/Courses/ES/Cube IDE/Install/STM32CubeIDE_1.13.2/STM32CubeIDE/plugins/com.st.stm32cube.ide.mcu.externaltools.gnu-tools-for-stm32.11.3.rel1.win32_1.1.1.202309131626/tools/bin/../lib/gcc/arm-none-eabi/11.3.1/../../../../arm-none-eabi/lib/thumb/v7-m/nofp\libm.a
LOAD D:/Courses/ES/Cube IDE/Install/STM32CubeIDE_1.13.2/STM32CubeIDE/plugins/com.st.stm32cube.ide.mcu.externaltools.gnu-tools-for-stm32.11.3.rel1.win32_1.1.1.202309131626/tools/bin/../lib/gcc/arm-none-eabi/11.3.1/thumb/v7-m/nofp\libgcc.a

.comment        0x0000000000000000       0x43
 .comment       0x0000000000000000       0x43 D:/Courses/ES/Cube IDE/Install/STM32CubeIDE_1.13.2/STM32CubeIDE/plugins/com.st.stm32cube.ide.mcu.externaltools.gnu-tools-for-stm32.11.3.rel1.win32_1.1.1.202309131626/tools/bin/../lib/gcc/arm-none-eabi/11.3.1/thumb/v7-m/nofp/crtbegin.o
                                         0x44 (size before relaxing)
 .comment       0x0000000000000043       0x44 ./Src/GPIO_program.o
 .comment       0x0000000000000043       0x44 ./Src/RCC_program.o
 .comment       0x0000000000000043       0x44 ./Src/RTOS_program.o
 .comment       0x0000000000000043       0x44 ./Src/SYSTICK_program.o
 .comment       0x0000000000000043       0x44 ./Src/TIMERx_program.o
 .comment       0x0000000000000043       0x44 ./Src/USART2_program.o
 .comment       0x0000000000000043       0x44 ./Src/main.o

.debug_info     0x0000000000000000      0xc8b
 .debug_info    0x0000000000000000      0x1bb ./Src/GPIO_program.o
 .debug_info    0x00000000000001bb       0xf8 ./Src/RCC_program.o
 .debug_info    0x00000000000002b3      0x218 ./Src/RTOS_program.o
 .debug_info    0x00000000000004cb      0x18a ./Src/SYSTICK_program.o
 .debug_info    0x0000000000000655      0x1fa ./Src/TIMERx_program.o
 .debug_info    0x000000000000084f      0x2ba ./Src/USART2_program.o
 .debug_info    0x0000000000000b09      0x15f ./Src/main.o
 .debug_info    0x0000000000000c68       0x23 ./Startup/startup_stm32f103c8tx.o

.debug_abbrev   0x0000000000000000      0x6f3
 .debug_abbrev  0x0000000000000000       0xcd ./Src/GPIO_program.o
 .debug_abbrev  0x00000000000000cd       0x7a ./Src/RCC_program.o
 .debug_abbrev  0x0000000000000147      0x12a ./Src/RTOS_program.o
 .debug_abbrev  0x0000000000000271      0x12b ./Src/SYSTICK_program.o
 .debug_abbrev  0x000000000000039c       0xf4 ./Src/TIMERx_program.o
 .debug_abbrev  0x0000000000000490      0x19e ./Src/USART2_program.o
 .debug_abbrev  0x000000000000062e       0xb3 ./Src/main.o
 .debug_abbrev  0x00000000000006e1       0x12 ./Startup/startup_stm32f103c8tx.o

.debug_aranges  0x0000000000000000      0x1e8
 .debug_aranges
                0x0000000000000000       0x40 ./Src/GPIO_program.o
 .debug_aranges
                0x0000000000000040       0x30 ./Src/RCC_program.o
 .debug_aranges
                0x0000000000000070       0x48 ./Src/RTOS_program.o
 .debug_aranges
                0x00000000000000b8       0x48 ./Src/SYSTICK_program.o
 .debug_aranges
                0x0000000000000100       0x30 ./Src/TIMERx_program.o
 .debug_aranges
                0x0000000000000130       0x60 ./Src/USART2_program.o
 .debug_aranges
                0x0000000000000190       0x30 ./Src/main.o
 .debug_aranges
                0x00000000000001c0       0x28 ./Startup/startup_stm32f103c8tx.o

.debug_rnglists
                0x0000000000000000      0x151
 .debug_rnglists
                0x0000000000000000       0x2f ./Src/GPIO_program.o
 .debug_rnglists
                0x000000000000002f       0x21 ./Src/RCC_program.o
 .debug_rnglists
                0x0000000000000050       0x33 ./Src/RTOS_program.o
 .debug_rnglists
                0x0000000000000083       0x31 ./Src/SYSTICK_program.o
 .debug_rnglists
                0x00000000000000b4       0x20 ./Src/TIMERx_program.o
 .debug_rnglists
                0x00000000000000d4       0x44 ./Src/USART2_program.o
 .debug_rnglists
                0x0000000000000118       0x20 ./Src/main.o
 .debug_rnglists
                0x0000000000000138       0x19 ./Startup/startup_stm32f103c8tx.o

.debug_macro    0x0000000000000000     0x29ae
 .debug_macro   0x0000000000000000       0x50 ./Src/GPIO_program.o
 .debug_macro   0x0000000000000050      0xaa2 ./Src/GPIO_program.o
 .debug_macro   0x0000000000000af2       0x22 ./Src/GPIO_program.o
 .debug_macro   0x0000000000000b14       0x10 ./Src/GPIO_program.o
 .debug_macro   0x0000000000000b24      0x100 ./Src/GPIO_program.o
 .debug_macro   0x0000000000000c24      0x595 ./Src/GPIO_program.o
 .debug_macro   0x00000000000011b9       0x2e ./Src/GPIO_program.o
 .debug_macro   0x00000000000011e7       0x16 ./Src/GPIO_program.o
 .debug_macro   0x00000000000011fd      0x148 ./Src/GPIO_program.o
 .debug_macro   0x0000000000001345       0x47 ./Src/RCC_program.o
 .debug_macro   0x000000000000138c      0x190 ./Src/RCC_program.o
 .debug_macro   0x000000000000151c       0x34 ./Src/RCC_program.o
 .debug_macro   0x0000000000001550       0x10 ./Src/RCC_program.o
 .debug_macro   0x0000000000001560       0x3f ./Src/RTOS_program.o
 .debug_macro   0x000000000000159f       0x16 ./Src/RTOS_program.o
 .debug_macro   0x00000000000015b5       0x16 ./Src/RTOS_program.o
 .debug_macro   0x00000000000015cb       0x16 ./Src/RTOS_program.o
 .debug_macro   0x00000000000015e1       0x35 ./Src/SYSTICK_program.o
 .debug_macro   0x0000000000001616       0x10 ./Src/SYSTICK_program.o
 .debug_macro   0x0000000000001626       0x50 ./Src/TIMERx_program.o
 .debug_macro   0x0000000000001676       0x28 ./Src/TIMERx_program.o
 .debug_macro   0x000000000000169e       0x40 ./Src/TIMERx_program.o
 .debug_macro   0x00000000000016de      0xc3e ./Src/TIMERx_program.o
 .debug_macro   0x000000000000231c       0x3a ./Src/TIMERx_program.o
 .debug_macro   0x0000000000002356       0x4e ./Src/USART2_program.o
 .debug_macro   0x00000000000023a4       0x28 ./Src/USART2_program.o
 .debug_macro   0x00000000000023cc       0x7c ./Src/USART2_program.o
 .debug_macro   0x0000000000002448       0x40 ./Src/USART2_program.o
 .debug_macro   0x0000000000002488       0xd9 ./Src/main.o
 .debug_macro   0x0000000000002561       0x22 ./Src/main.o
 .debug_macro   0x0000000000002583       0x8e ./Src/main.o
 .debug_macro   0x0000000000002611       0x51 ./Src/main.o
 .debug_macro   0x0000000000002662      0x103 ./Src/main.o
 .debug_macro   0x0000000000002765       0x6a ./Src/main.o
 .debug_macro   0x00000000000027cf      0x1df ./Src/main.o

.debug_line     0x0000000000000000      0xfb5
 .debug_line    0x0000000000000000      0x2c6 ./Src/GPIO_program.o
 .debug_line    0x00000000000002c6      0x130 ./Src/RCC_program.o
 .debug_line    0x00000000000003f6      0x19b ./Src/RTOS_program.o
 .debug_line    0x0000000000000591      0x134 ./Src/SYSTICK_program.o
 .debug_line    0x00000000000006c5      0x156 ./Src/TIMERx_program.o
 .debug_line    0x000000000000081b      0x273 ./Src/USART2_program.o
 .debug_line    0x0000000000000a8e      0x4ac ./Src/main.o
 .debug_line    0x0000000000000f3a       0x7b ./Startup/startup_stm32f103c8tx.o

.debug_str      0x0000000000000000     0xabf7
 .debug_str     0x0000000000000000     0x4b96 ./Src/GPIO_program.o
                                       0x4c0d (size before relaxing)
 .debug_str     0x0000000000004b96      0x746 ./Src/RCC_program.o
                                       0x39a5 (size before relaxing)
 .debug_str     0x00000000000052dc      0x1e0 ./Src/RTOS_program.o
                                       0x302b (size before relaxing)
 .debug_str     0x00000000000054bc       0xc3 ./Src/SYSTICK_program.o
                                       0x2fe3 (size before relaxing)
 .debug_str     0x000000000000557f     0x427f ./Src/TIMERx_program.o
                                       0x754d (size before relaxing)
 .debug_str     0x00000000000097fe      0x538 ./Src/USART2_program.o
                                       0x340c (size before relaxing)
 .debug_str     0x0000000000009d36      0xe92 ./Src/main.o
                                       0x45e4 (size before relaxing)
 .debug_str     0x000000000000abc8       0x2f ./Startup/startup_stm32f103c8tx.o
                                         0x84 (size before relaxing)

.debug_frame    0x0000000000000000      0x594
 .debug_frame   0x0000000000000000       0xd4 ./Src/GPIO_program.o
 .debug_frame   0x00000000000000d4       0x80 ./Src/RCC_program.o
 .debug_frame   0x0000000000000154       0xf0 ./Src/RTOS_program.o
 .debug_frame   0x0000000000000244       0xe4 ./Src/SYSTICK_program.o
 .debug_frame   0x0000000000000328       0x78 ./Src/TIMERx_program.o
 .debug_frame   0x00000000000003a0      0x164 ./Src/USART2_program.o
 .debug_frame   0x0000000000000504       0x64 ./Src/main.o
 .debug_frame   0x0000000000000568       0x2c D:/Courses/ES/Cube IDE/Install/STM32CubeIDE_1.13.2/STM32CubeIDE/plugins/com.st.stm32cube.ide.mcu.externaltools.gnu-tools-for-stm32.11.3.rel1.win32_1.1.1.202309131626/tools/bin/../lib/gcc/arm-none-eabi/11.3.1/../../../../arm-none-eabi/lib/thumb/v7-m/nofp\libc_nano.a(libc_a-init.o)

.debug_line_str
                0x0000000000000000       0x78
 .debug_line_str
                0x0000000000000000       0x78 ./Startup/startup_stm32f103c8tx.o
                                         0x90 (size before relaxing)
